Archive member included to satisfy reference by file (symbol)

c:/devkitPro/libnds/lib\libnds9.a(initSystem.o)
                              c:/devkitpro/devkitarm/bin/../lib/gcc/arm-none-eabi/7.1.0/../../../../arm-none-eabi/lib/ds_arm9_crt0.o (initSystem)
c:/devkitPro/libnds/lib\libnds9.a(fifosystem.o)
                              c:/devkitPro/libnds/lib\libnds9.a(initSystem.o) (fifoSetValue32Handler)
c:/devkitPro/libnds/lib\libnds9.a(libnds_exit.arm.o)
                              c:/devkitpro/devkitarm/bin/../lib/gcc/arm-none-eabi/7.1.0/../../../../arm-none-eabi/lib/ds_arm9_crt0.o (__libnds_exit)
c:/devkitPro/libnds/lib\libnds9.a(interrupts.o)
                              c:/devkitPro/libnds/lib\libnds9.a(fifosystem.o) (irqSet)
c:/devkitPro/libnds/lib\libnds9.a(IntrWait.o)
                              c:/devkitPro/libnds/lib\libnds9.a(fifosystem.o) (swiIntrWait)
c:/devkitPro/libnds/lib\libnds9.a(mpu_setup.o)
                              c:/devkitpro/devkitarm/bin/../lib/gcc/arm-none-eabi/7.1.0/../../../../arm-none-eabi/lib/ds_arm9_crt0.o (__libnds_mpu_setup)
c:/devkitPro/libnds/lib\libnds9.a(swiSoftReset.o)
                              c:/devkitPro/libnds/lib\libnds9.a(fifosystem.o) (swiSoftReset)
c:/devkitPro/libnds/lib\libnds9.a(interruptDispatcher.o)
                              c:/devkitPro/libnds/lib\libnds9.a(interrupts.o) (IntrMain)
c:/devkitPro/libnds/lib\libnds9.a(system.o)
                              c:/devkitPro/libnds/lib\libnds9.a(initSystem.o) (systemValueHandler)
c:/devkitPro/libnds/lib\libnds9.a(video.o)
                              c:/devkitPro/libnds/lib\libnds9.a(initSystem.o) (vramDefault)
c:/devkitPro/libnds/lib\libnds9.a(timeSupport.o)
                              c:/devkitPro/libnds/lib\libnds9.a(initSystem.o) (__libnds_gtod)
c:/devkitPro/libnds/lib\libnds9.a(biosCalls.o)
                              c:/devkitPro/libnds/lib\libnds9.a(system.o) (swiDelay)
c:/devkitpro/devkitarm/bin/../lib/gcc/arm-none-eabi/7.1.0/../../../../arm-none-eabi/lib\libg.a(lib_a-init.o)
                              c:/devkitpro/devkitarm/bin/../lib/gcc/arm-none-eabi/7.1.0/../../../../arm-none-eabi/lib/ds_arm9_crt0.o (__libc_init_array)
c:/devkitpro/devkitarm/bin/../lib/gcc/arm-none-eabi/7.1.0/../../../../arm-none-eabi/lib\libg.a(lib_a-memcpy-stub.o)
                              c:/devkitPro/libnds/lib\libnds9.a(fifosystem.o) (memcpy)
c:/devkitpro/devkitarm/bin/../lib/gcc/arm-none-eabi/7.1.0/../../../../arm-none-eabi/lib\libsysbase.a(malloc_vars.o)
                              c:/devkitpro/devkitarm/bin/../lib/gcc/arm-none-eabi/7.1.0/../../../../arm-none-eabi/lib/ds_arm9_crt0.o (fake_heap_start)
c:/devkitpro/devkitarm/bin/../lib/gcc/arm-none-eabi/7.1.0/../../../../arm-none-eabi/lib\libsysbase.a(build_argv.o)
                              c:/devkitpro/devkitarm/bin/../lib/gcc/arm-none-eabi/7.1.0/../../../../arm-none-eabi/lib/ds_arm9_crt0.o (build_argv)
c:/devkitpro/devkitarm/bin/../lib/gcc/arm-none-eabi/7.1.0/../../../../arm-none-eabi/lib\libsysbase.a(syscall_support.o)
                              c:/devkitPro/libnds/lib\libnds9.a(initSystem.o) (__syscalls)

Allocating common symbols
Common symbol       size              file

fifo_datamsg_data   0x40              c:/devkitPro/libnds/lib\libnds9.a(fifosystem.o)
__dsimode           0x1               c:/devkitPro/libnds/lib\libnds9.a(initSystem.o)
fifo_buffer         0x800             c:/devkitPro/libnds/lib\libnds9.a(fifosystem.o)
fifo_value32_func   0x40              c:/devkitPro/libnds/lib\libnds9.a(fifosystem.o)
fifo_address_func   0x40              c:/devkitPro/libnds/lib\libnds9.a(fifosystem.o)
fifo_value32_data   0x40              c:/devkitPro/libnds/lib\libnds9.a(fifosystem.o)
fifo_value32_queue  0x40              c:/devkitPro/libnds/lib\libnds9.a(fifosystem.o)
fifo_data_queue     0x40              c:/devkitPro/libnds/lib\libnds9.a(fifosystem.o)
punixTime           0x4               c:/devkitPro/libnds/lib\libnds9.a(timeSupport.o)
fifo_address_data   0x40              c:/devkitPro/libnds/lib\libnds9.a(fifosystem.o)
fifo_datamsg_func   0x40              c:/devkitPro/libnds/lib\libnds9.a(fifosystem.o)
fifo_address_queue  0x40              c:/devkitPro/libnds/lib\libnds9.a(fifosystem.o)

Discarded input sections

 .text          0x00000000        0x0 c:/devkitpro/devkitarm/bin/../lib/gcc/arm-none-eabi/7.1.0/../../../../arm-none-eabi/lib/ds_arm9_crt0.o
 .data          0x00000000        0x0 c:/devkitpro/devkitarm/bin/../lib/gcc/arm-none-eabi/7.1.0/../../../../arm-none-eabi/lib/ds_arm9_crt0.o
 .bss           0x00000000        0x0 c:/devkitpro/devkitarm/bin/../lib/gcc/arm-none-eabi/7.1.0/../../../../arm-none-eabi/lib/ds_arm9_crt0.o
 .text          0x00000000        0x0 c:/devkitpro/devkitarm/bin/../lib/gcc/arm-none-eabi/7.1.0/crti.o
 .data          0x00000000        0x0 c:/devkitpro/devkitarm/bin/../lib/gcc/arm-none-eabi/7.1.0/crti.o
 .bss           0x00000000        0x0 c:/devkitpro/devkitarm/bin/../lib/gcc/arm-none-eabi/7.1.0/crti.o
 .text          0x00000000        0x0 c:/devkitpro/devkitarm/bin/../lib/gcc/arm-none-eabi/7.1.0/crtbegin.o
 .data          0x00000000        0x0 c:/devkitpro/devkitarm/bin/../lib/gcc/arm-none-eabi/7.1.0/crtbegin.o
 .bss           0x00000000        0x0 c:/devkitpro/devkitarm/bin/../lib/gcc/arm-none-eabi/7.1.0/crtbegin.o
 .data.__dso_handle
                0x00000000        0x4 c:/devkitpro/devkitarm/bin/../lib/gcc/arm-none-eabi/7.1.0/crtbegin.o
 .data          0x00000000        0x0 c:/devkitPro/libnds/lib\libnds9.a(initSystem.o)
 .bss           0x00000000        0x0 c:/devkitPro/libnds/lib\libnds9.a(initSystem.o)
 .data          0x00000000        0x0 c:/devkitPro/libnds/lib\libnds9.a(libnds_exit.arm.o)
 .bss           0x00000000        0x0 c:/devkitPro/libnds/lib\libnds9.a(libnds_exit.arm.o)
 .data          0x00000000        0x0 c:/devkitPro/libnds/lib\libnds9.a(interrupts.o)
 .bss           0x00000000        0x0 c:/devkitPro/libnds/lib\libnds9.a(interrupts.o)
 .data          0x00000000        0x0 c:/devkitPro/libnds/lib\libnds9.a(IntrWait.o)
 .bss           0x00000000        0x0 c:/devkitPro/libnds/lib\libnds9.a(IntrWait.o)
 .data          0x00000000        0x0 c:/devkitPro/libnds/lib\libnds9.a(mpu_setup.o)
 .bss           0x00000000        0x0 c:/devkitPro/libnds/lib\libnds9.a(mpu_setup.o)
 .data          0x00000000        0x0 c:/devkitPro/libnds/lib\libnds9.a(swiSoftReset.o)
 .bss           0x00000000        0x0 c:/devkitPro/libnds/lib\libnds9.a(swiSoftReset.o)
 .text          0x00000000        0x0 c:/devkitPro/libnds/lib\libnds9.a(interruptDispatcher.o)
 .data          0x00000000        0x0 c:/devkitPro/libnds/lib\libnds9.a(interruptDispatcher.o)
 .bss           0x00000000        0x0 c:/devkitPro/libnds/lib\libnds9.a(interruptDispatcher.o)
 .data          0x00000000        0x0 c:/devkitPro/libnds/lib\libnds9.a(system.o)
 .data          0x00000000        0x0 c:/devkitPro/libnds/lib\libnds9.a(video.o)
 .bss           0x00000000        0x0 c:/devkitPro/libnds/lib\libnds9.a(video.o)
 .data          0x00000000        0x0 c:/devkitPro/libnds/lib\libnds9.a(timeSupport.o)
 .bss           0x00000000        0x0 c:/devkitPro/libnds/lib\libnds9.a(timeSupport.o)
 .data          0x00000000        0x0 c:/devkitPro/libnds/lib\libnds9.a(biosCalls.o)
 .bss           0x00000000        0x0 c:/devkitPro/libnds/lib\libnds9.a(biosCalls.o)
 .text          0x00000000        0x0 c:/devkitpro/devkitarm/bin/../lib/gcc/arm-none-eabi/7.1.0/../../../../arm-none-eabi/lib\libg.a(lib_a-init.o)
 .data          0x00000000        0x0 c:/devkitpro/devkitarm/bin/../lib/gcc/arm-none-eabi/7.1.0/../../../../arm-none-eabi/lib\libg.a(lib_a-init.o)
 .bss           0x00000000        0x0 c:/devkitpro/devkitarm/bin/../lib/gcc/arm-none-eabi/7.1.0/../../../../arm-none-eabi/lib\libg.a(lib_a-init.o)
 .text          0x00000000        0x0 c:/devkitpro/devkitarm/bin/../lib/gcc/arm-none-eabi/7.1.0/../../../../arm-none-eabi/lib\libg.a(lib_a-memcpy-stub.o)
 .data          0x00000000        0x0 c:/devkitpro/devkitarm/bin/../lib/gcc/arm-none-eabi/7.1.0/../../../../arm-none-eabi/lib\libg.a(lib_a-memcpy-stub.o)
 .bss           0x00000000        0x0 c:/devkitpro/devkitarm/bin/../lib/gcc/arm-none-eabi/7.1.0/../../../../arm-none-eabi/lib\libg.a(lib_a-memcpy-stub.o)
 .text          0x00000000        0x0 c:/devkitpro/devkitarm/bin/../lib/gcc/arm-none-eabi/7.1.0/../../../../arm-none-eabi/lib\libsysbase.a(malloc_vars.o)
 .data          0x00000000        0x0 c:/devkitpro/devkitarm/bin/../lib/gcc/arm-none-eabi/7.1.0/../../../../arm-none-eabi/lib\libsysbase.a(malloc_vars.o)
 .bss           0x00000000        0x0 c:/devkitpro/devkitarm/bin/../lib/gcc/arm-none-eabi/7.1.0/../../../../arm-none-eabi/lib\libsysbase.a(malloc_vars.o)
 .text          0x00000000        0x0 c:/devkitpro/devkitarm/bin/../lib/gcc/arm-none-eabi/7.1.0/../../../../arm-none-eabi/lib\libsysbase.a(build_argv.o)
 .data          0x00000000        0x0 c:/devkitpro/devkitarm/bin/../lib/gcc/arm-none-eabi/7.1.0/../../../../arm-none-eabi/lib\libsysbase.a(build_argv.o)
 .bss           0x00000000        0x0 c:/devkitpro/devkitarm/bin/../lib/gcc/arm-none-eabi/7.1.0/../../../../arm-none-eabi/lib\libsysbase.a(build_argv.o)
 .text          0x00000000        0x0 c:/devkitpro/devkitarm/bin/../lib/gcc/arm-none-eabi/7.1.0/../../../../arm-none-eabi/lib\libsysbase.a(syscall_support.o)
 .data          0x00000000        0x0 c:/devkitpro/devkitarm/bin/../lib/gcc/arm-none-eabi/7.1.0/../../../../arm-none-eabi/lib\libsysbase.a(syscall_support.o)
 .bss           0x00000000        0x0 c:/devkitpro/devkitarm/bin/../lib/gcc/arm-none-eabi/7.1.0/../../../../arm-none-eabi/lib\libsysbase.a(syscall_support.o)
 .text.__libc_lock_init
                0x00000000       0x18 c:/devkitpro/devkitarm/bin/../lib/gcc/arm-none-eabi/7.1.0/../../../../arm-none-eabi/lib\libsysbase.a(syscall_support.o)
 .text.__libc_lock_acquire
                0x00000000       0x18 c:/devkitpro/devkitarm/bin/../lib/gcc/arm-none-eabi/7.1.0/../../../../arm-none-eabi/lib\libsysbase.a(syscall_support.o)
 .text.__libc_lock_try_acquire
                0x00000000       0x20 c:/devkitpro/devkitarm/bin/../lib/gcc/arm-none-eabi/7.1.0/../../../../arm-none-eabi/lib\libsysbase.a(syscall_support.o)
 .text.__libc_lock_release
                0x00000000       0x18 c:/devkitpro/devkitarm/bin/../lib/gcc/arm-none-eabi/7.1.0/../../../../arm-none-eabi/lib\libsysbase.a(syscall_support.o)
 .text.__libc_lock_close
                0x00000000       0x18 c:/devkitpro/devkitarm/bin/../lib/gcc/arm-none-eabi/7.1.0/../../../../arm-none-eabi/lib\libsysbase.a(syscall_support.o)
 .text.__libc_lock_init_recursive
                0x00000000       0x18 c:/devkitpro/devkitarm/bin/../lib/gcc/arm-none-eabi/7.1.0/../../../../arm-none-eabi/lib\libsysbase.a(syscall_support.o)
 .text.__libc_lock_acquire_recursive
                0x00000000       0x18 c:/devkitpro/devkitarm/bin/../lib/gcc/arm-none-eabi/7.1.0/../../../../arm-none-eabi/lib\libsysbase.a(syscall_support.o)
 .text.__libc_lock_try_acquire_recursive
                0x00000000       0x20 c:/devkitpro/devkitarm/bin/../lib/gcc/arm-none-eabi/7.1.0/../../../../arm-none-eabi/lib\libsysbase.a(syscall_support.o)
 .text.__libc_lock_release_recursive
                0x00000000       0x18 c:/devkitpro/devkitarm/bin/../lib/gcc/arm-none-eabi/7.1.0/../../../../arm-none-eabi/lib\libsysbase.a(syscall_support.o)
 .text.__libc_lock_close_recursive
                0x00000000       0x18 c:/devkitpro/devkitarm/bin/../lib/gcc/arm-none-eabi/7.1.0/../../../../arm-none-eabi/lib\libsysbase.a(syscall_support.o)
 .text          0x00000000        0x0 c:/devkitpro/devkitarm/bin/../lib/gcc/arm-none-eabi/7.1.0/crtend.o
 .data          0x00000000        0x0 c:/devkitpro/devkitarm/bin/../lib/gcc/arm-none-eabi/7.1.0/crtend.o
 .bss           0x00000000        0x0 c:/devkitpro/devkitarm/bin/../lib/gcc/arm-none-eabi/7.1.0/crtend.o
 .text          0x00000000        0x0 c:/devkitpro/devkitarm/bin/../lib/gcc/arm-none-eabi/7.1.0/crtn.o
 .data          0x00000000        0x0 c:/devkitpro/devkitarm/bin/../lib/gcc/arm-none-eabi/7.1.0/crtn.o
 .bss           0x00000000        0x0 c:/devkitpro/devkitarm/bin/../lib/gcc/arm-none-eabi/7.1.0/crtn.o

Memory Configuration

Name             Origin             Length             Attributes
ewram            0x02000000         0x00380000
dtcm             0x0b000000         0x00004000
vectors          0x01000000         0x00000100
itcm             0x01000100         0x00007f00
*default*        0x00000000         0xffffffff

Linker script and memory map

                0x02380000                __ewram_end = (ORIGIN (ewram) + LENGTH (ewram))
                0x02380000                __eheap_end = (ORIGIN (ewram) + LENGTH (ewram))
                0x0b004000                __dtcm_top = (ORIGIN (dtcm) + LENGTH (dtcm))
                0x0b003ff8                __irq_flags = (__dtcm_top - 0x8)
                0x0b003ffc                __irq_vector = (__dtcm_top - 0x4)
                0x0b003f00                __sp_svc = (__dtcm_top - 0x100)
                0x0b003e00                __sp_irq = (__sp_svc - 0x100)
                0x0b003d00                __sp_usr = (__sp_irq - 0x100)

.secure
 *(.secure)

.crt0           0x02000000      0x300
                0x02000000                __text_start = .
 *(.crt0)
 .crt0          0x02000000      0x300 c:/devkitpro/devkitarm/bin/../lib/gcc/arm-none-eabi/7.1.0/../../../../arm-none-eabi/lib/ds_arm9_crt0.o
                0x02000000                _start
                0x02000300                . = ALIGN (0x4)

.plt
 *(.plt)

.init           0x02000300       0x18
 *(SORT(.init))
 .init          0x02000300        0xc c:/devkitpro/devkitarm/bin/../lib/gcc/arm-none-eabi/7.1.0/crti.o
                0x02000300                _init
 .init          0x0200030c        0xc c:/devkitpro/devkitarm/bin/../lib/gcc/arm-none-eabi/7.1.0/crtn.o

.text           0x02000320     0x1958
 *(EXCLUDE_FILE(*.twl* *.vectors* *.itcm*) .text)
 .text          0x02000320      0x148 c:/devkitPro/libnds/lib\libnds9.a(initSystem.o)
                0x02000320                initSystem
 .text          0x02000468      0xd04 c:/devkitPro/libnds/lib\libnds9.a(fifosystem.o)
                0x020006bc                fifoSetValue32Handler
                0x02000730                fifoSendAddress
                0x02000768                fifoSendValue32
                0x020007b8                fifoSendDatamsg
                0x02000848                fifoGetAddress
                0x020008b4                fifoSetAddressHandler
                0x02000928                fifoGetValue32
                0x0200093c                fifoGetDatamsg
                0x02000e6c                fifoSetDatamsgHandler
                0x02000f04                fifoCheckAddress
                0x02000f28                fifoCheckDatamsg
                0x02000f4c                fifoCheckDatamsgLength
                0x02000f7c                fifoCheckValue32
                0x02000fa0                fifoInit
 *fill*         0x0200116c        0x4 ff
 .text          0x02001170       0x60 c:/devkitPro/libnds/lib\libnds9.a(libnds_exit.arm.o)
                0x02001170                systemErrorExit
                0x02001174                __libnds_exit
 .text          0x020011d0      0x1e8 c:/devkitPro/libnds/lib\libnds9.a(interrupts.o)
                0x020011d0                irqDummy
                0x020011d4                irqSet
                0x02001240                irqInitHandler
                0x02001268                irqInit
                0x020012b8                irqEnable
                0x0200131c                irqDisable
                0x02001380                irqClear
 .text          0x020013b8       0x20 c:/devkitPro/libnds/lib\libnds9.a(IntrWait.o)
                0x020013b8                swiIntrWait
 .text          0x020013d8      0x1b4 c:/devkitPro/libnds/lib\libnds9.a(mpu_setup.o)
                0x020013d8                __libnds_mpu_setup
                0x02001518                memCached
                0x02001530                memUncached
 *fill*         0x0200158c        0x4 ff
 .text          0x02001590       0x30 c:/devkitPro/libnds/lib\libnds9.a(swiSoftReset.o)
                0x02001590                swiSoftReset
 .text          0x020015c0      0x140 c:/devkitPro/libnds/lib\libnds9.a(system.o)
                0x020015c0                setSDcallback
                0x020015cc                systemValueHandler
                0x02001614                systemMsgHandler
                0x02001664                systemSleep
                0x0200167c                powerOn
                0x020016a8                powerOff
                0x020016d0                ledBlink
                0x020016e0                getBatteryLevel
 .text          0x02001700      0x1bc c:/devkitPro/libnds/lib\libnds9.a(video.o)
                0x02001700                vramSetMainBanks
                0x02001744                vramSetPrimaryBanks
                0x0200174c                vramSetBanks_EFG
                0x02001784                vramRestorePrimaryBanks
                0x02001790                vramRestoreMainBanks
                0x0200179c                vramRestoreBanks_EFG
                0x020017a8                setBrightness
                0x020017e8                vramDefault
 .text          0x020018bc       0x24 c:/devkitPro/libnds/lib\libnds9.a(timeSupport.o)
                0x020018bc                __libnds_gtod
 .text          0x020018e0       0x70 c:/devkitPro/libnds/lib\libnds9.a(biosCalls.o)
                0x020018e0                swiDelay
                0x020018e4                swiWaitForVBlank
                0x020018e8                swiSleep
                0x020018ec                swiChangeSoundBias
                0x020018f0                swiDivide
                0x020018f4                swiRemainder
                0x020018fa                swiDivMod
                0x02001906                swiCopy
                0x0200190a                swiFastCopy
                0x0200190e                swiSqrt
                0x02001912                swiCRC16
                0x02001916                swiIsDebugger
                0x0200191a                swiUnpackBits
                0x0200191e                swiDecompressLZSSWram
                0x02001922                swiDecompressLZSSVramNTR
                0x02001926                swiDecompressLZSSVramTWL
                0x0200192a                swiDecompressHuffman
                0x0200192e                swiDecompressRLEWram
                0x02001932                swiDecompressRLEVram
                0x02001936                swiWaitForIRQ
                0x0200193a                swiDecodeDelta8
                0x0200193e                swiDecodeDelta16
                0x02001942                swiSetHaltCR
 *(EXCLUDE_FILE(*.twl* *.vectors* *.itcm*) .stub)
 *(EXCLUDE_FILE(*.twl* *.vectors* *.itcm*) .text.*)
 .text.deregister_tm_clones
                0x02001950       0x2c c:/devkitpro/devkitarm/bin/../lib/gcc/arm-none-eabi/7.1.0/crtbegin.o
 .text.register_tm_clones
                0x0200197c       0x38 c:/devkitpro/devkitarm/bin/../lib/gcc/arm-none-eabi/7.1.0/crtbegin.o
 .text.__do_global_dtors_aux
                0x020019b4       0x44 c:/devkitpro/devkitarm/bin/../lib/gcc/arm-none-eabi/7.1.0/crtbegin.o
 .text.frame_dummy
                0x020019f8       0x34 c:/devkitpro/devkitarm/bin/../lib/gcc/arm-none-eabi/7.1.0/crtbegin.o
 .text.__libc_init_array
                0x02001a2c       0x88 c:/devkitpro/devkitarm/bin/../lib/gcc/arm-none-eabi/7.1.0/../../../../arm-none-eabi/lib\libg.a(lib_a-init.o)
                0x02001a2c                __libc_init_array
 .text.memcpy   0x02001ab4      0x110 c:/devkitpro/devkitarm/bin/../lib/gcc/arm-none-eabi/7.1.0/../../../../arm-none-eabi/lib\libg.a(lib_a-memcpy-stub.o)
                0x02001ab4                memcpy
 .text.build_argv
                0x02001bc4       0x80 c:/devkitpro/devkitarm/bin/../lib/gcc/arm-none-eabi/7.1.0/../../../../arm-none-eabi/lib\libsysbase.a(build_argv.o)
                0x02001bc4                build_argv
 *fill*         0x02001c44        0x4 ff
 .text.build_argv.__stub
                0x02001c48       0x2c linker stubs
 *(EXCLUDE_FILE(*.twl*) .gnu.warning)
 *(EXCLUDE_FILE(*.twl*) .gnu.linkonce.t*)
 *(.glue_7)
 .glue_7        0x02001c78        0x0 linker stubs
 *(.glue_7t)
 .glue_7t       0x02001c78        0x0 linker stubs
                0x02001c78                . = ALIGN (0x4)

.vfp11_veneer   0x02001c78        0x0
 .vfp11_veneer  0x02001c78        0x0 linker stubs

.v4_bx          0x02001c78        0x0
 .v4_bx         0x02001c78        0x0 linker stubs

.iplt           0x02001c78        0x0
 .iplt          0x02001c78        0x0 c:/devkitpro/devkitarm/bin/../lib/gcc/arm-none-eabi/7.1.0/../../../../arm-none-eabi/lib/ds_arm9_crt0.o

.fini           0x02001c78       0x18
 *(.fini)
 .fini          0x02001c78        0xc c:/devkitpro/devkitarm/bin/../lib/gcc/arm-none-eabi/7.1.0/crti.o
                0x02001c78                _fini
 .fini          0x02001c84        0xc c:/devkitpro/devkitarm/bin/../lib/gcc/arm-none-eabi/7.1.0/crtn.o
                0x02001c90                __text_end = .

.rodata         0x02001c90        0x0
 *(EXCLUDE_FILE(*.twl*) .rodata)
 *all.rodata*(*)
 *(EXCLUDE_FILE(*.twl*) .roda)
 *(EXCLUDE_FILE(*.twl*) .rodata.*)
 *(EXCLUDE_FILE(*.twl*) .gnu.linkonce.r*)
                0x02001c90                . = ALIGN (0x4)

.ARM.extab
 *(.ARM.extab* .gnu.linkonce.armextab.*)
                0x02001c90                __exidx_start = .

ARM.exidx
 *(.ARM.exidx* .gnu.linkonce.armexidx.*)
                0x02001c90                __exidx_end = .
                0x02001c90                . = ALIGN (0x4)
                0x02001c90                PROVIDE (__preinit_array_start, .)

.preinit_array
 *(.preinit_array)
                0x02001c90                PROVIDE (__preinit_array_end, .)
                0x02001c90                PROVIDE (__init_array_start, .)

.init_array     0x02001c90        0x4
 *(SORT(.init_array.*))
 *(.init_array)
 .init_array    0x02001c90        0x4 c:/devkitpro/devkitarm/bin/../lib/gcc/arm-none-eabi/7.1.0/crtbegin.o
                0x02001c94                PROVIDE (__init_array_end, .)
                [!provide]                PROVIDE (__fini_array_start, .)

.fini_array     0x02001c94        0x4
 *(.fini_array)
 .fini_array    0x02001c94        0x4 c:/devkitpro/devkitarm/bin/../lib/gcc/arm-none-eabi/7.1.0/crtbegin.o
 *(SORT(.fini_array.*))
                [!provide]                PROVIDE (__fini_array_end, .)

.ctors          0x02001c98        0x0
 *crtbegin.o(.ctors)
 *(EXCLUDE_FILE(*crtend.o) .ctors)
 *(SORT(.ctors.*))
 *(.ctors)
                0x02001c98                . = ALIGN (0x4)

.dtors          0x02001c98        0x0
 *crtbegin.o(.dtors)
 *(EXCLUDE_FILE(*crtend.o) .dtors)
 *(SORT(.dtors.*))
 *(.dtors)
                0x02001c98                . = ALIGN (0x4)

.eh_frame       0x02001c98        0x4
 *(.eh_frame)
 .eh_frame      0x02001c98        0x0 c:/devkitpro/devkitarm/bin/../lib/gcc/arm-none-eabi/7.1.0/crtbegin.o
 .eh_frame      0x02001c98        0x4 c:/devkitpro/devkitarm/bin/../lib/gcc/arm-none-eabi/7.1.0/crtend.o
                0x02001c9c                . = ALIGN (0x4)

.rel.dyn        0x02001c9c        0x0
 .rel.iplt      0x02001c9c        0x0 c:/devkitpro/devkitarm/bin/../lib/gcc/arm-none-eabi/7.1.0/../../../../arm-none-eabi/lib/ds_arm9_crt0.o

.gcc_except_table
                0x02001c9c        0x0
 *(.gcc_except_table)
                0x02001c9c                . = ALIGN (0x4)

.jcr
 *(.jcr)

.got
 *(.got.plt)
 *(.got)
 *(.rel.got)

.ewram          0x02001c9c        0x0
                0x02001c9c                __ewram_start = ABSOLUTE (.)
 *(.ewram)
 *ewram.*(.text)
                0x02001c9c                . = ALIGN (0x4)

.data           0x02001c9c       0x10
                0x02001c9c                __data_start = ABSOLUTE (.)
 *(EXCLUDE_FILE(*.twl*) .data)
 .data          0x02001c9c       0x10 c:/devkitPro/libnds/lib\libnds9.a(fifosystem.o)
                0x02001c9c                fifo_buffer_free
                0x02001ca0                fifo_freewords
                0x02001ca4                fifo_send_queue
                0x02001ca8                fifo_receive_queue
 *(EXCLUDE_FILE(*.twl*) .data.*)
 *(EXCLUDE_FILE(*.twl*) .gnu.linkonce.d*)
                0x02001cac                . = ALIGN (0x4)
                0x02001cac                __data_end = ABSOLUTE (.)
                0x02001cac                __bss_vma = .

.igot.plt       0x02001cac        0x0
 .igot.plt      0x02001cac        0x0 c:/devkitpro/devkitarm/bin/../lib/gcc/arm-none-eabi/7.1.0/../../../../arm-none-eabi/lib/ds_arm9_crt0.o

.tm_clone_table
                0x02001cac        0x0
 .tm_clone_table
                0x02001cac        0x0 c:/devkitpro/devkitarm/bin/../lib/gcc/arm-none-eabi/7.1.0/crtbegin.o
 .tm_clone_table
                0x02001cac        0x0 c:/devkitpro/devkitarm/bin/../lib/gcc/arm-none-eabi/7.1.0/crtend.o

.dtcm           0x0b000000        0x0 load address 0x02001cac
                0x02001cac                __dtcm_lma = LOADADDR (.dtcm)
                0x0b000000                __dtcm_start = ABSOLUTE (.)
 *(.dtcm)
 *(.dtcm.*)
                0x0b000000                . = ALIGN (0x4)
                0x0b000000                __dtcm_end = ABSOLUTE (.)

.itcm           0x01000100      0x194 load address 0x02001cac
                0x02001cac                __itcm_lma = LOADADDR (.itcm)
                0x01000100                __itcm_start = ABSOLUTE (.)
 *(.itcm)
 .itcm          0x01000100       0xc8 c:/devkitPro/libnds/lib\libnds9.a(interrupts.o)
                0x01000100                irqTable
 .itcm          0x010001c8       0xcc c:/devkitPro/libnds/lib\libnds9.a(interruptDispatcher.o)
                0x010001c8                IntrMain
 *.itcm*(.text .stub .text.*)
                0x01000294                . = ALIGN (0x4)
                0x01000294                __itcm_end = ABSOLUTE (.)

.vectors        0x01000000        0x0 load address 0x02001e40
                0x02001e40                __vectors_lma = LOADADDR (.vectors)
                0x01000000                __vectors_start = ABSOLUTE (.)
 *(.vectors)
 *.vectors*(.text .stub .text.*)
                0x01000000                . = ALIGN (0x4)
                0x01000000                __vectors_end = ABSOLUTE (.)

.sbss           0x0b000000        0x0
                0x0b000000                __sbss_start = ABSOLUTE (.)
                0x0b000000                __sbss_start__ = ABSOLUTE (.)
 *(.sbss)
                0x0b000000                . = ALIGN (0x4)
                0x0b000000                __sbss_end = ABSOLUTE (.)

.bss            0x02001cac      0xab0
                0x02001cac                __bss_start = ABSOLUTE (.)
                0x02001cac                __bss_start__ = ABSOLUTE (.)
 *(EXCLUDE_FILE(*.twl*) .dynbss)
 *(EXCLUDE_FILE(*.twl*) .gnu.linkonce.b*)
 *(EXCLUDE_FILE(*.twl*) .bss*)
 .bss.completed.6484
                0x02001cac        0x1 c:/devkitpro/devkitarm/bin/../lib/gcc/arm-none-eabi/7.1.0/crtbegin.o
 *fill*         0x02001cad        0x3 
 .bss.object.6489
                0x02001cb0       0x18 c:/devkitpro/devkitarm/bin/../lib/gcc/arm-none-eabi/7.1.0/crtbegin.o
 .bss           0x02001cc8        0x8 c:/devkitPro/libnds/lib\libnds9.a(fifosystem.o)
                0x02001ccc                processing
 .bss           0x02001cd0        0x4 c:/devkitPro/libnds/lib\libnds9.a(system.o)
 .bss.fake_heap_end
                0x02001cd4        0x4 c:/devkitpro/devkitarm/bin/../lib/gcc/arm-none-eabi/7.1.0/../../../../arm-none-eabi/lib\libsysbase.a(malloc_vars.o)
                0x02001cd4                fake_heap_end
 .bss.fake_heap_start
                0x02001cd8        0x4 c:/devkitpro/devkitarm/bin/../lib/gcc/arm-none-eabi/7.1.0/../../../../arm-none-eabi/lib\libsysbase.a(malloc_vars.o)
                0x02001cd8                fake_heap_start
 .bss.__syscalls
                0x02001cdc       0x38 c:/devkitpro/devkitarm/bin/../lib/gcc/arm-none-eabi/7.1.0/../../../../arm-none-eabi/lib\libsysbase.a(syscall_support.o)
                0x02001cdc                __syscalls
 *(EXCLUDE_FILE(*.twl*) COMMON)
 COMMON         0x02001d14        0x1 c:/devkitPro/libnds/lib\libnds9.a(initSystem.o)
                0x02001d14                __dsimode
 *fill*         0x02001d15        0x3 
 COMMON         0x02001d18      0xa40 c:/devkitPro/libnds/lib\libnds9.a(fifosystem.o)
                0x02001d18                fifo_datamsg_data
                0x02001d58                fifo_buffer
                0x02002558                fifo_value32_func
                0x02002598                fifo_address_func
                0x020025d8                fifo_value32_data
                0x02002618                fifo_value32_queue
                0x02002658                fifo_data_queue
                0x02002698                fifo_address_data
                0x020026d8                fifo_datamsg_func
                0x02002718                fifo_address_queue
 COMMON         0x02002758        0x4 c:/devkitPro/libnds/lib\libnds9.a(timeSupport.o)
                0x02002758                punixTime
                0x0200275c                . = ALIGN (0x4)
                0x0200275c                __bss_end__ = ABSOLUTE (.)
                0x0200275c                __end__ = ABSOLUTE (.)

.twl            0x0200275c        0x0 load address 0x02400000
                0x02400000                __arm9i_lma__ = LOADADDR (.twl)
                0x0200275c                __arm9i_start__ = ABSOLUTE (.)
 *(.twl)
 *.twl*(.text .stub .text.* .gnu.linkonce.t.*)
 *.twl*(.rodata)
 *.twl*(.roda)
 *.twl*(.rodata.*)
 *.twl*(.data)
 *.twl*(.data.*)
 *.twl*(.gnu.linkonce.d*)
                0x0200275c                __arm9i_end__ = ABSOLUTE (.)

.twl_bss        0x0200275c        0x0
                0x0200275c                __twl_bss_start__ = ABSOLUTE (.)
 *(.twl_bss)
 *.twl*(.dynbss)
 *.twl*(.gnu.linkonce.b*)
 *.twl*(.bss*)
 *.twl*(COMMON)
                0x0200275c                . = ALIGN (0x4)
                0x0200275c                __twl_bss_end__ = ABSOLUTE (.)
                0x0200275c                __twl_end__ = ABSOLUTE (.)

.stab
 *(.stab)

.stabstr
 *(.stabstr)

.stab.excl
 *(.stab.excl)

.stab.exclstr
 *(.stab.exclstr)

.stab.index
 *(.stab.index)

.stab.indexstr
 *(.stab.indexstr)

.comment        0x00000000       0x66
 *(.comment)
 .comment       0x00000000       0x22 c:/devkitpro/devkitarm/bin/../lib/gcc/arm-none-eabi/7.1.0/crtbegin.o
                                 0x23 (size before relaxing)
 .comment       0x00000022       0x22 c:/devkitPro/libnds/lib\libnds9.a(initSystem.o)
                                 0x23 (size before relaxing)
 .comment       0x00000044       0x22 c:/devkitPro/libnds/lib\libnds9.a(fifosystem.o)
                                 0x23 (size before relaxing)
 .comment       0x00000066       0x23 c:/devkitPro/libnds/lib\libnds9.a(libnds_exit.arm.o)
 .comment       0x00000066       0x23 c:/devkitPro/libnds/lib\libnds9.a(interrupts.o)
 .comment       0x00000066       0x23 c:/devkitPro/libnds/lib\libnds9.a(system.o)
 .comment       0x00000066       0x23 c:/devkitPro/libnds/lib\libnds9.a(video.o)
 .comment       0x00000066       0x23 c:/devkitPro/libnds/lib\libnds9.a(timeSupport.o)
 .comment       0x00000066       0x23 c:/devkitpro/devkitarm/bin/../lib/gcc/arm-none-eabi/7.1.0/../../../../arm-none-eabi/lib\libg.a(lib_a-init.o)
 .comment       0x00000066       0x23 c:/devkitpro/devkitarm/bin/../lib/gcc/arm-none-eabi/7.1.0/../../../../arm-none-eabi/lib\libg.a(lib_a-memcpy-stub.o)
 .comment       0x00000066       0x23 c:/devkitpro/devkitarm/bin/../lib/gcc/arm-none-eabi/7.1.0/../../../../arm-none-eabi/lib\libsysbase.a(malloc_vars.o)
 .comment       0x00000066       0x23 c:/devkitpro/devkitarm/bin/../lib/gcc/arm-none-eabi/7.1.0/../../../../arm-none-eabi/lib\libsysbase.a(build_argv.o)
 .comment       0x00000066       0x23 c:/devkitpro/devkitarm/bin/../lib/gcc/arm-none-eabi/7.1.0/../../../../arm-none-eabi/lib\libsysbase.a(syscall_support.o)
 .comment       0x00000066       0x23 c:/devkitpro/devkitarm/bin/../lib/gcc/arm-none-eabi/7.1.0/crtend.o

.ARM.attributes
                0x00000000       0x2d
 .ARM.attributes
                0x00000000       0x21 c:/devkitpro/devkitarm/bin/../lib/gcc/arm-none-eabi/7.1.0/../../../../arm-none-eabi/lib/ds_arm9_crt0.o
 .ARM.attributes
                0x00000021       0x16 c:/devkitpro/devkitarm/bin/../lib/gcc/arm-none-eabi/7.1.0/crti.o
 .ARM.attributes
                0x00000037       0x30 c:/devkitpro/devkitarm/bin/../lib/gcc/arm-none-eabi/7.1.0/crtbegin.o
 .ARM.attributes
                0x00000067       0x27 c:/devkitPro/libnds/lib\libnds9.a(initSystem.o)
 .ARM.attributes
                0x0000008e       0x27 c:/devkitPro/libnds/lib\libnds9.a(fifosystem.o)
 .ARM.attributes
                0x000000b5       0x27 c:/devkitPro/libnds/lib\libnds9.a(libnds_exit.arm.o)
 .ARM.attributes
                0x000000dc       0x27 c:/devkitPro/libnds/lib\libnds9.a(interrupts.o)
 .ARM.attributes
                0x00000103       0x21 c:/devkitPro/libnds/lib\libnds9.a(IntrWait.o)
 .ARM.attributes
                0x00000124       0x21 c:/devkitPro/libnds/lib\libnds9.a(mpu_setup.o)
 .ARM.attributes
                0x00000145       0x21 c:/devkitPro/libnds/lib\libnds9.a(swiSoftReset.o)
 .ARM.attributes
                0x00000166       0x1b c:/devkitPro/libnds/lib\libnds9.a(interruptDispatcher.o)
 .ARM.attributes
                0x00000181       0x27 c:/devkitPro/libnds/lib\libnds9.a(system.o)
 .ARM.attributes
                0x000001a8       0x27 c:/devkitPro/libnds/lib\libnds9.a(video.o)
 .ARM.attributes
                0x000001cf       0x27 c:/devkitPro/libnds/lib\libnds9.a(timeSupport.o)
 .ARM.attributes
                0x000001f6       0x1b c:/devkitPro/libnds/lib\libnds9.a(biosCalls.o)
 .ARM.attributes
                0x00000211       0x30 c:/devkitpro/devkitarm/bin/../lib/gcc/arm-none-eabi/7.1.0/../../../../arm-none-eabi/lib\libg.a(lib_a-init.o)
 .ARM.attributes
                0x00000241       0x30 c:/devkitpro/devkitarm/bin/../lib/gcc/arm-none-eabi/7.1.0/../../../../arm-none-eabi/lib\libg.a(lib_a-memcpy-stub.o)
 .ARM.attributes
                0x00000271       0x30 c:/devkitpro/devkitarm/bin/../lib/gcc/arm-none-eabi/7.1.0/../../../../arm-none-eabi/lib\libsysbase.a(malloc_vars.o)
 .ARM.attributes
                0x000002a1       0x30 c:/devkitpro/devkitarm/bin/../lib/gcc/arm-none-eabi/7.1.0/../../../../arm-none-eabi/lib\libsysbase.a(build_argv.o)
 .ARM.attributes
                0x000002d1       0x30 c:/devkitpro/devkitarm/bin/../lib/gcc/arm-none-eabi/7.1.0/../../../../arm-none-eabi/lib\libsysbase.a(syscall_support.o)
 .ARM.attributes
                0x00000301       0x30 c:/devkitpro/devkitarm/bin/../lib/gcc/arm-none-eabi/7.1.0/crtend.o
 .ARM.attributes
                0x00000331       0x18 c:/devkitpro/devkitarm/bin/../lib/gcc/arm-none-eabi/7.1.0/crtn.o

.debug
 *(.debug)

.line
 *(.line)

.debug_srcinfo
 *(.debug_srcinfo)

.debug_sfnames
 *(.debug_sfnames)

.debug_aranges  0x00000000      0x180
 *(.debug_aranges)
 .debug_aranges
                0x00000000       0x20 c:/devkitPro/libnds/lib\libnds9.a(initSystem.o)
 .debug_aranges
                0x00000020       0x20 c:/devkitPro/libnds/lib\libnds9.a(fifosystem.o)
 .debug_aranges
                0x00000040       0x20 c:/devkitPro/libnds/lib\libnds9.a(libnds_exit.arm.o)
 .debug_aranges
                0x00000060       0x20 c:/devkitPro/libnds/lib\libnds9.a(interrupts.o)
 .debug_aranges
                0x00000080       0x20 c:/devkitPro/libnds/lib\libnds9.a(IntrWait.o)
 .debug_aranges
                0x000000a0       0x20 c:/devkitPro/libnds/lib\libnds9.a(mpu_setup.o)
 .debug_aranges
                0x000000c0       0x20 c:/devkitPro/libnds/lib\libnds9.a(swiSoftReset.o)
 .debug_aranges
                0x000000e0       0x20 c:/devkitPro/libnds/lib\libnds9.a(interruptDispatcher.o)
 .debug_aranges
                0x00000100       0x20 c:/devkitPro/libnds/lib\libnds9.a(system.o)
 .debug_aranges
                0x00000120       0x20 c:/devkitPro/libnds/lib\libnds9.a(video.o)
 .debug_aranges
                0x00000140       0x20 c:/devkitPro/libnds/lib\libnds9.a(timeSupport.o)
 .debug_aranges
                0x00000160       0x20 c:/devkitPro/libnds/lib\libnds9.a(biosCalls.o)

.debug_pubnames
 *(.debug_pubnames)

.debug_info     0x00000000     0x457c
 *(.debug_info)
 .debug_info    0x00000000     0x10b3 c:/devkitPro/libnds/lib\libnds9.a(initSystem.o)
 .debug_info    0x000010b3     0x1647 c:/devkitPro/libnds/lib\libnds9.a(fifosystem.o)
 .debug_info    0x000026fa      0x337 c:/devkitPro/libnds/lib\libnds9.a(libnds_exit.arm.o)
 .debug_info    0x00002a31      0x5d8 c:/devkitPro/libnds/lib\libnds9.a(interrupts.o)
 .debug_info    0x00003009       0xd1 c:/devkitPro/libnds/lib\libnds9.a(IntrWait.o)
 .debug_info    0x000030da       0xd2 c:/devkitPro/libnds/lib\libnds9.a(mpu_setup.o)
 .debug_info    0x000031ac       0xd0 c:/devkitPro/libnds/lib\libnds9.a(swiSoftReset.o)
 .debug_info    0x0000327c       0xd7 c:/devkitPro/libnds/lib\libnds9.a(interruptDispatcher.o)
 .debug_info    0x00003353      0x917 c:/devkitPro/libnds/lib\libnds9.a(system.o)
 .debug_info    0x00003c6a      0x6f8 c:/devkitPro/libnds/lib\libnds9.a(video.o)
 .debug_info    0x00004362      0x14d c:/devkitPro/libnds/lib\libnds9.a(timeSupport.o)
 .debug_info    0x000044af       0xcd c:/devkitPro/libnds/lib\libnds9.a(biosCalls.o)

.debug_abbrev   0x00000000     0x1049
 *(.debug_abbrev)
 .debug_abbrev  0x00000000      0x2d2 c:/devkitPro/libnds/lib\libnds9.a(initSystem.o)
 .debug_abbrev  0x000002d2      0x411 c:/devkitPro/libnds/lib\libnds9.a(fifosystem.o)
 .debug_abbrev  0x000006e3      0x17c c:/devkitPro/libnds/lib\libnds9.a(libnds_exit.arm.o)
 .debug_abbrev  0x0000085f      0x284 c:/devkitPro/libnds/lib\libnds9.a(interrupts.o)
 .debug_abbrev  0x00000ae3       0x14 c:/devkitPro/libnds/lib\libnds9.a(IntrWait.o)
 .debug_abbrev  0x00000af7       0x14 c:/devkitPro/libnds/lib\libnds9.a(mpu_setup.o)
 .debug_abbrev  0x00000b0b       0x14 c:/devkitPro/libnds/lib\libnds9.a(swiSoftReset.o)
 .debug_abbrev  0x00000b1f       0x14 c:/devkitPro/libnds/lib\libnds9.a(interruptDispatcher.o)
 .debug_abbrev  0x00000b33      0x24e c:/devkitPro/libnds/lib\libnds9.a(system.o)
 .debug_abbrev  0x00000d81      0x1f7 c:/devkitPro/libnds/lib\libnds9.a(video.o)
 .debug_abbrev  0x00000f78       0xbd c:/devkitPro/libnds/lib\libnds9.a(timeSupport.o)
 .debug_abbrev  0x00001035       0x14 c:/devkitPro/libnds/lib\libnds9.a(biosCalls.o)

.debug_line     0x00000000     0x18e6
 *(.debug_line)
 .debug_line    0x00000000      0x38d c:/devkitPro/libnds/lib\libnds9.a(initSystem.o)
 .debug_line    0x0000038d      0x706 c:/devkitPro/libnds/lib\libnds9.a(fifosystem.o)
 .debug_line    0x00000a93      0x223 c:/devkitPro/libnds/lib\libnds9.a(libnds_exit.arm.o)
 .debug_line    0x00000cb6      0x298 c:/devkitPro/libnds/lib\libnds9.a(interrupts.o)
 .debug_line    0x00000f4e       0x97 c:/devkitPro/libnds/lib\libnds9.a(IntrWait.o)
 .debug_line    0x00000fe5      0x107 c:/devkitPro/libnds/lib\libnds9.a(mpu_setup.o)
 .debug_line    0x000010ec       0x9d c:/devkitPro/libnds/lib\libnds9.a(swiSoftReset.o)
 .debug_line    0x00001189       0xcd c:/devkitPro/libnds/lib\libnds9.a(interruptDispatcher.o)
 .debug_line    0x00001256      0x29a c:/devkitPro/libnds/lib\libnds9.a(system.o)
 .debug_line    0x000014f0      0x253 c:/devkitPro/libnds/lib\libnds9.a(video.o)
 .debug_line    0x00001743       0xde c:/devkitPro/libnds/lib\libnds9.a(timeSupport.o)
 .debug_line    0x00001821       0xc5 c:/devkitPro/libnds/lib\libnds9.a(biosCalls.o)

.debug_frame    0x00000000      0x54c
 *(.debug_frame)
 .debug_frame   0x00000000       0x28 c:/devkitPro/libnds/lib\libnds9.a(initSystem.o)
 .debug_frame   0x00000028      0x2a4 c:/devkitPro/libnds/lib\libnds9.a(fifosystem.o)
 .debug_frame   0x000002cc       0x3c c:/devkitPro/libnds/lib\libnds9.a(libnds_exit.arm.o)
 .debug_frame   0x00000308       0xa4 c:/devkitPro/libnds/lib\libnds9.a(interrupts.o)
 .debug_frame   0x000003ac       0xc8 c:/devkitPro/libnds/lib\libnds9.a(system.o)
 .debug_frame   0x00000474       0xb8 c:/devkitPro/libnds/lib\libnds9.a(video.o)
 .debug_frame   0x0000052c       0x20 c:/devkitPro/libnds/lib\libnds9.a(timeSupport.o)

.debug_str      0x00000000     0x213d
 *(.debug_str)
 .debug_str     0x00000000      0xb15 c:/devkitPro/libnds/lib\libnds9.a(initSystem.o)
                                0xbcc (size before relaxing)
 .debug_str     0x00000b15      0x624 c:/devkitPro/libnds/lib\libnds9.a(fifosystem.o)
                                0x89f (size before relaxing)
 .debug_str     0x00001139      0x1be c:/devkitPro/libnds/lib\libnds9.a(libnds_exit.arm.o)
                                0x36d (size before relaxing)
 .debug_str     0x000012f7       0xb4 c:/devkitPro/libnds/lib\libnds9.a(interrupts.o)
                                0x41d (size before relaxing)
 .debug_str     0x000013ab      0x2e0 c:/devkitPro/libnds/lib\libnds9.a(system.o)
                                0x6c4 (size before relaxing)
 .debug_str     0x0000168b      0xa40 c:/devkitPro/libnds/lib\libnds9.a(video.o)
                                0xbcb (size before relaxing)
 .debug_str     0x000020cb       0x72 c:/devkitPro/libnds/lib\libnds9.a(timeSupport.o)
                                0x1de (size before relaxing)

.debug_loc      0x00000000     0x18a8
 *(.debug_loc)
 .debug_loc     0x00000000       0x1f c:/devkitPro/libnds/lib\libnds9.a(initSystem.o)
 .debug_loc     0x0000001f     0x12bf c:/devkitPro/libnds/lib\libnds9.a(fifosystem.o)
 .debug_loc     0x000012de       0x58 c:/devkitPro/libnds/lib\libnds9.a(libnds_exit.arm.o)
 .debug_loc     0x00001336      0x14b c:/devkitPro/libnds/lib\libnds9.a(interrupts.o)
 .debug_loc     0x00001481      0x1f9 c:/devkitPro/libnds/lib\libnds9.a(system.o)
 .debug_loc     0x0000167a      0x20d c:/devkitPro/libnds/lib\libnds9.a(video.o)
 .debug_loc     0x00001887       0x21 c:/devkitPro/libnds/lib\libnds9.a(timeSupport.o)

.debug_macinfo
 *(.debug_macinfo)

.debug_weaknames
 *(.debug_weaknames)

.debug_funcnames
 *(.debug_funcnames)

.debug_typenames
 *(.debug_typenames)

.debug_varnames
 *(.debug_varnames)

.stack          0x00080000        0x0
                0x00080000                _stack = .
 *(.stack)
LOAD c:/devkitpro/devkitarm/bin/../lib/gcc/arm-none-eabi/7.1.0/../../../../arm-none-eabi/lib/ds_arm9_crt0.o
LOAD c:/devkitpro/devkitarm/bin/../lib/gcc/arm-none-eabi/7.1.0/crti.o
LOAD c:/devkitpro/devkitarm/bin/../lib/gcc/arm-none-eabi/7.1.0/crtbegin.o
LOAD c:/devkitPro/libnds/lib\libdswifi9.a
LOAD c:/devkitPro/libnds/lib\libfilesystem.a
LOAD c:/devkitPro/libnds/lib\libfat.a
LOAD c:/devkitPro/libnds/lib\libnds9.a
START GROUP
LOAD c:/devkitpro/devkitarm/bin/../lib/gcc/arm-none-eabi/7.1.0\libgcc.a
LOAD c:/devkitpro/devkitarm/bin/../lib/gcc/arm-none-eabi/7.1.0/../../../../arm-none-eabi/lib\libg.a
LOAD c:/devkitpro/devkitarm/bin/../lib/gcc/arm-none-eabi/7.1.0/../../../../arm-none-eabi/lib\libc.a
LOAD c:/devkitpro/devkitarm/bin/../lib/gcc/arm-none-eabi/7.1.0/../../../../arm-none-eabi/lib\libsysbase.a
END GROUP
LOAD c:/devkitpro/devkitarm/bin/../lib/gcc/arm-none-eabi/7.1.0/crtend.o
LOAD c:/devkitpro/devkitarm/bin/../lib/gcc/arm-none-eabi/7.1.0/crtn.o
OUTPUT(c:/Users/Tyler/Downloads/visualboyadvance-master/visualboyadvance-master.elf elf32-littlearm)

.debug_ranges   0x00000000      0x4e8
 .debug_ranges  0x00000000      0x3e0 c:/devkitPro/libnds/lib\libnds9.a(fifosystem.o)
 .debug_ranges  0x000003e0       0xc0 c:/devkitPro/libnds/lib\libnds9.a(interrupts.o)
 .debug_ranges  0x000004a0       0x48 c:/devkitPro/libnds/lib\libnds9.a(video.o)
